--------------------------------------------------------------------------------
Release 14.6 Trace  (nt)
Copyright (c) 1995-2013 Xilinx, Inc.  All rights reserved.

C:\Xilinx\14.6\ISE_DS\ISE\bin\nt\unwrapped\trce.exe -intstyle ise -v 3 -s 3 -n
3 -fastpaths -xml test_cam.twx test_cam.ncd -o test_cam.twr test_cam.pcf

Design file:              test_cam.ncd
Physical constraint file: test_cam.pcf
Device,package,speed:     xc7a100t,csg324,C,-3 (PRODUCTION 1.09 2013-06-08)
Report level:             verbose report

Environment Variable      Effect 
--------------------      ------ 
NONE                      No environment variables were set
--------------------------------------------------------------------------------

INFO:Timing:2698 - No timing constraints found, doing default enumeration.
INFO:Timing:3412 - To improve timing, see the Timing Closure User Guide (UG612).
INFO:Timing:2752 - To get complete path coverage, use the unconstrained paths 
   option. All paths that are not constrained will be reported in the 
   unconstrained paths section(s) of the report.
INFO:Timing:3339 - The clock-to-out numbers in this timing report are based on 
   a 50 Ohm transmission line loading model.  For the details of this model, 
   and for more information on accounting for different loading conditions, 
   please see the device datasheet.



Data Sheet report:
-----------------
All values displayed in nanoseconds (ns)

Setup/Hold to clock CAM_pclk
--------------+------------+------------+------------+------------+------------------+--------+
              |Max Setup to|  Process   |Max Hold to |  Process   |                  | Clock  |
Source        | clk (edge) |   Corner   | clk (edge) |   Corner   |Internal Clock(s) | Phase  |
--------------+------------+------------+------------+------------+------------------+--------+
CAM_btn       |    2.147(R)|      SLOW  |    0.517(R)|      SLOW  |CAM_pclk_BUFGP    |   0.000|
CAM_href      |    1.294(R)|      FAST  |    1.393(R)|      SLOW  |CAM_pclk_BUFGP    |   0.000|
CAM_px_data<0>|    0.334(R)|      FAST  |    1.269(R)|      SLOW  |CAM_pclk_BUFGP    |   0.000|
CAM_px_data<1>|    0.197(R)|      FAST  |    1.439(R)|      SLOW  |CAM_pclk_BUFGP    |   0.000|
CAM_px_data<2>|   -0.176(R)|      FAST  |    1.875(R)|      SLOW  |CAM_pclk_BUFGP    |   0.000|
CAM_px_data<3>|    0.069(R)|      FAST  |    1.598(R)|      SLOW  |CAM_pclk_BUFGP    |   0.000|
CAM_px_data<4>|    0.534(R)|      FAST  |    1.013(R)|      SLOW  |CAM_pclk_BUFGP    |   0.000|
CAM_px_data<5>|    0.202(R)|      FAST  |    1.372(R)|      SLOW  |CAM_pclk_BUFGP    |   0.000|
CAM_px_data<6>|   -0.164(R)|      FAST  |    1.844(R)|      SLOW  |CAM_pclk_BUFGP    |   0.000|
CAM_px_data<7>|   -0.108(R)|      FAST  |    1.765(R)|      SLOW  |CAM_pclk_BUFGP    |   0.000|
CAM_vsync     |    1.478(R)|      FAST  |    0.843(R)|      SLOW  |CAM_pclk_BUFGP    |   0.000|
--------------+------------+------------+------------+------------+------------------+--------+

Setup/Hold to clock clk
------------+------------+------------+------------+------------+------------------+--------+
            |Max Setup to|  Process   |Max Hold to |  Process   |                  | Clock  |
Source      | clk (edge) |   Corner   | clk (edge) |   Corner   |Internal Clock(s) | Phase  |
------------+------------+------------+------------+------------+------------------+--------+
rst         |    1.322(R)|      SLOW  |    0.789(R)|      SLOW  |clk25M            |   0.000|
------------+------------+------------+------------+------------+------------------+--------+

Clock clk to Pad
------------+-----------------+------------+-----------------+------------+------------------+--------+
            |Max (slowest) clk|  Process   |Min (fastest) clk|  Process   |                  | Clock  |
Destination |  (edge) to PAD  |   Corner   |  (edge) to PAD  |   Corner   |Internal Clock(s) | Phase  |
------------+-----------------+------------+-----------------+------------+------------------+--------+
VGA_B<2>    |        12.172(R)|      SLOW  |         4.257(R)|      FAST  |clk25M            |   0.000|
VGA_B<3>    |        12.384(R)|      SLOW  |         4.380(R)|      FAST  |clk25M            |   0.000|
VGA_G<1>    |        12.571(R)|      SLOW  |         4.417(R)|      FAST  |clk25M            |   0.000|
VGA_G<2>    |        12.677(R)|      SLOW  |         4.479(R)|      FAST  |clk25M            |   0.000|
VGA_G<3>    |        12.668(R)|      SLOW  |         4.362(R)|      FAST  |clk25M            |   0.000|
VGA_Hsync_n |        10.917(R)|      SLOW  |         4.018(R)|      FAST  |clk25M            |   0.000|
VGA_R<1>    |        12.514(R)|      SLOW  |         4.275(R)|      FAST  |clk25M            |   0.000|
VGA_R<2>    |        12.290(R)|      SLOW  |         4.442(R)|      FAST  |clk25M            |   0.000|
VGA_R<3>    |        12.787(R)|      SLOW  |         4.387(R)|      FAST  |clk25M            |   0.000|
VGA_Vsync_n |        12.032(R)|      SLOW  |         4.467(R)|      FAST  |clk25M            |   0.000|
------------+-----------------+------------+-----------------+------------+------------------+--------+

Clock to Setup on destination clock CAM_pclk
---------------+---------+---------+---------+---------+
               | Src:Rise| Src:Fall| Src:Rise| Src:Fall|
Source Clock   |Dest:Rise|Dest:Rise|Dest:Fall|Dest:Fall|
---------------+---------+---------+---------+---------+
CAM_pclk       |    2.840|         |         |         |
---------------+---------+---------+---------+---------+

Clock to Setup on destination clock clk
---------------+---------+---------+---------+---------+
               | Src:Rise| Src:Fall| Src:Rise| Src:Fall|
Source Clock   |Dest:Rise|Dest:Rise|Dest:Fall|Dest:Fall|
---------------+---------+---------+---------+---------+
clk            |    5.474|         |         |         |
---------------+---------+---------+---------+---------+

Pad to Pad
---------------+---------------+---------+
Source Pad     |Destination Pad|  Delay  |
---------------+---------------+---------+
clk            |CAM_xclk       |    8.331|
---------------+---------------+---------+


Analysis completed Thu Feb 13 21:44:08 2020 
--------------------------------------------------------------------------------

Trace Settings:
-------------------------
Trace Settings 

Peak Memory Usage: 412 MB



