Release 14.6 - xst P.68d (nt)
Copyright (c) 1995-2013 Xilinx, Inc.  All rights reserved.
--> Parameter TMPDIR set to xst/projnav.tmp


Total REAL time to Xst completion: 0.00 secs
Total CPU time to Xst completion: 0.51 secs
 
--> Parameter xsthdpdir set to xst


Total REAL time to Xst completion: 0.00 secs
Total CPU time to Xst completion: 0.51 secs
 
--> Reading design: test_cam.prj

TABLE OF CONTENTS
  1) Synthesis Options Summary
  2) HDL Parsing
  3) HDL Elaboration
  4) HDL Synthesis
       4.1) HDL Synthesis Report
  5) Advanced HDL Synthesis
       5.1) Advanced HDL Synthesis Report
  6) Low Level Synthesis
  7) Partition Report
  8) Design Summary
       8.1) Primitive and Black Box Usage
       8.2) Device utilization summary
       8.3) Partition Resource Summary
       8.4) Timing Report
            8.4.1) Clock Information
            8.4.2) Asynchronous Control Signals Information
            8.4.3) Timing Summary
            8.4.4) Timing Details
            8.4.5) Cross Clock Domains Report


=========================================================================
*                      Synthesis Options Summary                        *
=========================================================================
---- Source Parameters
Input File Name                    : "test_cam.prj"
Ignore Synthesis Constraint File   : NO

---- Target Parameters
Output File Name                   : "test_cam"
Output Format                      : NGC
Target Device                      : xc7a100t-3-csg324

---- Source Options
Top Module Name                    : test_cam
Automatic FSM Extraction           : YES
FSM Encoding Algorithm             : Auto
Safe Implementation                : No
FSM Style                          : LUT
RAM Extraction                     : Yes
RAM Style                          : Auto
ROM Extraction                     : Yes
Shift Register Extraction          : YES
ROM Style                          : Auto
Resource Sharing                   : YES
Asynchronous To Synchronous        : NO
Shift Register Minimum Size        : 2
Use DSP Block                      : Auto
Automatic Register Balancing       : No

---- Target Options
LUT Combining                      : Auto
Reduce Control Sets                : Auto
Add IO Buffers                     : YES
Global Maximum Fanout              : 100000
Add Generic Clock Buffer(BUFG)     : 16
Register Duplication               : YES
Optimize Instantiated Primitives   : NO
Use Clock Enable                   : Auto
Use Synchronous Set                : Auto
Use Synchronous Reset              : Auto
Pack IO Registers into IOBs        : Auto
Equivalent register Removal        : YES

---- General Options
Optimization Goal                  : Speed
Optimization Effort                : 1
Power Reduction                    : NO
Keep Hierarchy                     : No
Netlist Hierarchy                  : As_Optimized
RTL Output                         : Yes
Global Optimization                : AllClockNets
Read Cores                         : YES
Write Timing Constraints           : NO
Cross Clock Analysis               : NO
Hierarchy Separator                : /
Bus Delimiter                      : <>
Case Specifier                     : Maintain
Slice Utilization Ratio            : 100
BRAM Utilization Ratio             : 100
DSP48 Utilization Ratio            : 100
Auto BRAM Packing                  : NO
Slice Utilization Ratio Delta      : 5

=========================================================================


=========================================================================
*                          HDL Parsing                                  *
=========================================================================
Analyzing Verilog file "C:\Users\Julian Pulido\Documents\GitHub\work04-proyectofinal-grupo-01-1\hdl\src\VGA_driver.v" into library work
Parsing module <VGA_Driver640x480>.
Analyzing Verilog file "C:\Users\Julian Pulido\Documents\GitHub\work04-proyectofinal-grupo-01-1\hdl\src\PLL\clk24_25_nexys4.v" into library work
Parsing module <clk24_25_nexys4>.
Analyzing Verilog file "C:\Users\Julian Pulido\Documents\GitHub\work04-proyectofinal-grupo-01-1\hdl\src\cam_read.v" into library work
Parsing module <cam_read>.
Analyzing Verilog file "C:\Users\Julian Pulido\Documents\GitHub\work04-proyectofinal-grupo-01-1\hdl\src\buffer_ram_dp.v" into library work
Parsing module <buffer_ram_dp>.
Analyzing Verilog file "C:\Users\Julian Pulido\Documents\GitHub\work04-proyectofinal-grupo-01-1\hdl\src\test_cam.v" into library work
Parsing module <test_cam>.

=========================================================================
*                            HDL Elaboration                            *
=========================================================================
WARNING:HDLCompiler:1016 - "C:\Users\Julian Pulido\Documents\GitHub\work04-proyectofinal-grupo-01-1\hdl\src\test_cam.v" Line 109: Port LOCKED is not connected to this instance

Elaborating module <test_cam>.

Elaborating module <clk24_25_nexys4>.

Elaborating module <BUFG>.

Elaborating module <MMCME2_ADV(BANDWIDTH="OPTIMIZED",CLKOUT4_CASCADE="FALSE",COMPENSATION="ZHOLD",STARTUP_WAIT="FALSE",DIVCLK_DIVIDE=1,CLKFBOUT_MULT_F=12.0,CLKFBOUT_PHASE=0.0,CLKFBOUT_USE_FINE_PS="FALSE",CLKOUT0_DIVIDE_F=48.0,CLKOUT0_PHASE=0.0,CLKOUT0_DUTY_CYCLE=0.5,CLKOUT0_USE_FINE_PS="FALSE",CLKOUT1_DIVIDE=50,CLKOUT1_PHASE=0.0,CLKOUT1_DUTY_CYCLE=0.5,CLKOUT1_USE_FINE_PS="FALSE",CLKIN1_PERIOD=10.0,REF_JITTER1=0.01)>.
WARNING:HDLCompiler:1127 - "C:\Users\Julian Pulido\Documents\GitHub\work04-proyectofinal-grupo-01-1\hdl\src\PLL\clk24_25_nexys4.v" Line 132: Assignment to clkfboutb_unused ignored, since the identifier is never used
WARNING:HDLCompiler:1127 - "C:\Users\Julian Pulido\Documents\GitHub\work04-proyectofinal-grupo-01-1\hdl\src\PLL\clk24_25_nexys4.v" Line 134: Assignment to clkout0b_unused ignored, since the identifier is never used
WARNING:HDLCompiler:1127 - "C:\Users\Julian Pulido\Documents\GitHub\work04-proyectofinal-grupo-01-1\hdl\src\PLL\clk24_25_nexys4.v" Line 136: Assignment to clkout1b_unused ignored, since the identifier is never used
WARNING:HDLCompiler:1127 - "C:\Users\Julian Pulido\Documents\GitHub\work04-proyectofinal-grupo-01-1\hdl\src\PLL\clk24_25_nexys4.v" Line 137: Assignment to clkout2_unused ignored, since the identifier is never used
WARNING:HDLCompiler:1127 - "C:\Users\Julian Pulido\Documents\GitHub\work04-proyectofinal-grupo-01-1\hdl\src\PLL\clk24_25_nexys4.v" Line 138: Assignment to clkout2b_unused ignored, since the identifier is never used
WARNING:HDLCompiler:1127 - "C:\Users\Julian Pulido\Documents\GitHub\work04-proyectofinal-grupo-01-1\hdl\src\PLL\clk24_25_nexys4.v" Line 139: Assignment to clkout3_unused ignored, since the identifier is never used
WARNING:HDLCompiler:1127 - "C:\Users\Julian Pulido\Documents\GitHub\work04-proyectofinal-grupo-01-1\hdl\src\PLL\clk24_25_nexys4.v" Line 140: Assignment to clkout3b_unused ignored, since the identifier is never used
WARNING:HDLCompiler:1127 - "C:\Users\Julian Pulido\Documents\GitHub\work04-proyectofinal-grupo-01-1\hdl\src\PLL\clk24_25_nexys4.v" Line 141: Assignment to clkout4_unused ignored, since the identifier is never used
WARNING:HDLCompiler:1127 - "C:\Users\Julian Pulido\Documents\GitHub\work04-proyectofinal-grupo-01-1\hdl\src\PLL\clk24_25_nexys4.v" Line 142: Assignment to clkout5_unused ignored, since the identifier is never used
WARNING:HDLCompiler:1127 - "C:\Users\Julian Pulido\Documents\GitHub\work04-proyectofinal-grupo-01-1\hdl\src\PLL\clk24_25_nexys4.v" Line 143: Assignment to clkout6_unused ignored, since the identifier is never used
WARNING:HDLCompiler:1127 - "C:\Users\Julian Pulido\Documents\GitHub\work04-proyectofinal-grupo-01-1\hdl\src\PLL\clk24_25_nexys4.v" Line 155: Assignment to do_unused ignored, since the identifier is never used
WARNING:HDLCompiler:1127 - "C:\Users\Julian Pulido\Documents\GitHub\work04-proyectofinal-grupo-01-1\hdl\src\PLL\clk24_25_nexys4.v" Line 156: Assignment to drdy_unused ignored, since the identifier is never used
WARNING:HDLCompiler:1127 - "C:\Users\Julian Pulido\Documents\GitHub\work04-proyectofinal-grupo-01-1\hdl\src\PLL\clk24_25_nexys4.v" Line 162: Assignment to psdone_unused ignored, since the identifier is never used
WARNING:HDLCompiler:1127 - "C:\Users\Julian Pulido\Documents\GitHub\work04-proyectofinal-grupo-01-1\hdl\src\PLL\clk24_25_nexys4.v" Line 165: Assignment to clkinstopped_unused ignored, since the identifier is never used
WARNING:HDLCompiler:1127 - "C:\Users\Julian Pulido\Documents\GitHub\work04-proyectofinal-grupo-01-1\hdl\src\PLL\clk24_25_nexys4.v" Line 166: Assignment to clkfbstopped_unused ignored, since the identifier is never used

Elaborating module <buffer_ram_dp(AW=15,DW=8)>.
Reading initialization file \"src/image.men\".
WARNING:HDLCompiler:1670 - "C:\Users\Julian Pulido\Documents\GitHub\work04-proyectofinal-grupo-01-1\hdl\src\buffer_ram_dp.v" Line 53: Signal <ram> in initial block is partially initialized.
