--------------------------------------------------------------------------------
Release 14.6 Trace  (nt)
Copyright (c) 1995-2013 Xilinx, Inc.  All rights reserved.

C:\Xilinx\14.6\ISE_DS\ISE\bin\nt\unwrapped\trce.exe -intstyle ise -v 3 -s 3 -n
3 -fastpaths -xml test_cam.twx test_cam.ncd -o test_cam.twr test_cam.pcf

Design file:              test_cam.ncd
Physical constraint file: test_cam.pcf
Device,package,speed:     xc7a100t,csg324,C,-3 (PRODUCTION 1.09 2013-06-08)
Report level:             verbose report

Environment Variable      Effect 
--------------------      ------ 
NONE                      No environment variables were set
--------------------------------------------------------------------------------

INFO:Timing:2698 - No timing constraints found, doing default enumeration.
INFO:Timing:3412 - To improve timing, see the Timing Closure User Guide (UG612).
INFO:Timing:2752 - To get complete path coverage, use the unconstrained paths 
   option. All paths that are not constrained will be reported in the 
   unconstrained paths section(s) of the report.
INFO:Timing:3339 - The clock-to-out numbers in this timing report are based on 
   a 50 Ohm transmission line loading model.  For the details of this model, 
   and for more information on accounting for different loading conditions, 
   please see the device datasheet.



Data Sheet report:
-----------------
All values displayed in nanoseconds (ns)

Setup/Hold to clock CAM_pclk
--------------+------------+------------+------------+------------+------------------+--------+
              |Max Setup to|  Process   |Max Hold to |  Process   |                  | Clock  |
Source        | clk (edge) |   Corner   | clk (edge) |   Corner   |Internal Clock(s) | Phase  |
--------------+------------+------------+------------+------------+------------------+--------+
CAM_href      |    0.540(R)|      FAST  |    1.347(R)|      SLOW  |CAM_pclk_BUFGP    |   0.000|
CAM_px_data<0>|   -0.378(R)|      FAST  |    2.090(R)|      SLOW  |CAM_pclk_BUFGP    |   0.000|
CAM_px_data<1>|   -0.392(R)|      FAST  |    2.156(R)|      SLOW  |CAM_pclk_BUFGP    |   0.000|
CAM_px_data<2>|   -0.347(R)|      FAST  |    2.081(R)|      SLOW  |CAM_pclk_BUFGP    |   0.000|
CAM_px_data<3>|   -0.040(R)|      FAST  |    1.724(R)|      SLOW  |CAM_pclk_BUFGP    |   0.000|
CAM_px_data<4>|   -0.182(R)|      FAST  |    1.848(R)|      SLOW  |CAM_pclk_BUFGP    |   0.000|
CAM_px_data<5>|   -0.417(R)|      FAST  |    2.180(R)|      SLOW  |CAM_pclk_BUFGP    |   0.000|
CAM_px_data<6>|   -0.280(R)|      FAST  |    2.060(R)|      SLOW  |CAM_pclk_BUFGP    |   0.000|
CAM_px_data<7>|   -0.116(R)|      FAST  |    1.807(R)|      SLOW  |CAM_pclk_BUFGP    |   0.000|
CAM_vsync     |   -0.045(R)|      FAST  |    1.986(R)|      SLOW  |CAM_pclk_BUFGP    |   0.000|
--------------+------------+------------+------------+------------+------------------+--------+

Setup/Hold to clock clk
------------+------------+------------+------------+------------+------------------+--------+
            |Max Setup to|  Process   |Max Hold to |  Process   |                  | Clock  |
Source      | clk (edge) |   Corner   | clk (edge) |   Corner   |Internal Clock(s) | Phase  |
------------+------------+------------+------------+------------+------------------+--------+
rst         |    1.802(R)|      SLOW  |    1.311(R)|      SLOW  |clk25M            |   0.000|
------------+------------+------------+------------+------------+------------------+--------+

Clock clk to Pad
------------+-----------------+------------+-----------------+------------+------------------+--------+
            |Max (slowest) clk|  Process   |Min (fastest) clk|  Process   |                  | Clock  |
Destination |  (edge) to PAD  |   Corner   |  (edge) to PAD  |   Corner   |Internal Clock(s) | Phase  |
------------+-----------------+------------+-----------------+------------+------------------+--------+
VGA_B<2>    |        11.644(R)|      SLOW  |         4.252(R)|      FAST  |clk25M            |   0.000|
VGA_B<3>    |        12.408(R)|      SLOW  |         4.633(R)|      FAST  |clk25M            |   0.000|
VGA_G<1>    |        12.366(R)|      SLOW  |         4.611(R)|      FAST  |clk25M            |   0.000|
VGA_G<2>    |        12.438(R)|      SLOW  |         4.677(R)|      FAST  |clk25M            |   0.000|
VGA_G<3>    |        12.549(R)|      SLOW  |         4.579(R)|      FAST  |clk25M            |   0.000|
VGA_Hsync_n |        11.060(R)|      SLOW  |         4.094(R)|      FAST  |clk25M            |   0.000|
VGA_R<1>    |        12.488(R)|      SLOW  |         4.461(R)|      FAST  |clk25M            |   0.000|
VGA_R<2>    |        12.238(R)|      SLOW  |         4.606(R)|      FAST  |clk25M            |   0.000|
VGA_R<3>    |        11.869(R)|      SLOW  |         4.381(R)|      FAST  |clk25M            |   0.000|
VGA_Vsync_n |        11.535(R)|      SLOW  |         4.177(R)|      FAST  |clk25M            |   0.000|
------------+-----------------+------------+-----------------+------------+------------------+--------+

Clock to Setup on destination clock CAM_pclk
---------------+---------+---------+---------+---------+
               | Src:Rise| Src:Fall| Src:Rise| Src:Fall|
Source Clock   |Dest:Rise|Dest:Rise|Dest:Fall|Dest:Fall|
---------------+---------+---------+---------+---------+
CAM_pclk       |    2.160|         |         |         |
---------------+---------+---------+---------+---------+

Clock to Setup on destination clock clk
---------------+---------+---------+---------+---------+
               | Src:Rise| Src:Fall| Src:Rise| Src:Fall|
Source Clock   |Dest:Rise|Dest:Rise|Dest:Fall|Dest:Fall|
---------------+---------+---------+---------+---------+
clk            |    5.428|         |         |         |
---------------+---------+---------+---------+---------+

Pad to Pad
---------------+---------------+---------+
Source Pad     |Destination Pad|  Delay  |
---------------+---------------+---------+
clk            |CAM_xclk       |    8.287|
---------------+---------------+---------+


Analysis completed Wed Feb 12 19:07:49 2020 
--------------------------------------------------------------------------------

Trace Settings:
-------------------------
Trace Settings 

Peak Memory Usage: 410 MB



